 READ THE AIRFOIL SECTIONS IN FOR INITIAL SETUP
 JOB COMPLETE FOR SECTION =           1
 READ THE AIRFOIL SECTIONS IN FOR INITIAL SETUP
 JOB COMPLETE FOR SECTION =           2
 READ THE AIRFOIL SECTIONS IN FOR INITIAL SETUP
 JOB COMPLETE FOR SECTION =           3
 READ THE AIRFOIL SECTIONS IN FOR INITIAL SETUP
 JOB COMPLETE FOR SECTION =           4
 READ THE AIRFOIL SECTIONS IN FOR FINISH STEP
 COMPLETE THE GENERATION OF AIRFOIL SURFACE MESH
 COMPLETE THE GENERATION OF INTERIOR MESHES
 **WARNING: Phi ANGLE IS SET TO THE MERIDIONAL MESH PHI 
 COMPLETE THE FLOW INITIALIZATION TO ALL NODES
 COMPLETE THE SETUP OF BOUNDARY CONDITIONS
 
 ******** NO NEGATIVE VOLUME *********
 COMPLETE THE MESH GENERATION FOR
 EEE-HPT-0                                                                      
  
 THIS IS THE           1 OUT OF A TOTAL OF           4
 JOB COMPLETE FOR SECTION =           1
 READ THE AIRFOIL SECTIONS IN FOR FINISH STEP
 COMPLETE THE GENERATION OF AIRFOIL SURFACE MESH
 COMPLETE THE GENERATION OF INTERIOR MESHES
 **WARNING: Phi ANGLE IS SET TO THE MERIDIONAL MESH PHI 
 COMPLETE THE FLOW INITIALIZATION TO ALL NODES
 COMPLETE THE SETUP OF BOUNDARY CONDITIONS
 
 ******** NO NEGATIVE VOLUME *********
 COMPLETE THE MESH GENERATION FOR
 EEE-HPT-1                                                                      
  
 THIS IS THE           2 OUT OF A TOTAL OF           4
 JOB COMPLETE FOR SECTION =           2
 READ THE AIRFOIL SECTIONS IN FOR FINISH STEP
 COMPLETE THE GENERATION OF AIRFOIL SURFACE MESH
 COMPLETE THE GENERATION OF INTERIOR MESHES
 **WARNING: Phi ANGLE IS SET TO THE MERIDIONAL MESH PHI 
 COMPLETE THE FLOW INITIALIZATION TO ALL NODES
 COMPLETE THE SETUP OF BOUNDARY CONDITIONS
 
 ******** NO NEGATIVE VOLUME *********
 COMPLETE THE MESH GENERATION FOR
 EEE-HPT-2                                                                      
  
 THIS IS THE           3 OUT OF A TOTAL OF           4
 JOB COMPLETE FOR SECTION =           3
 READ THE AIRFOIL SECTIONS IN FOR FINISH STEP
 **TURNING DOWNSTREAM MESH AXIALLY**
 COMPLETE THE GENERATION OF AIRFOIL SURFACE MESH
 COMPLETE THE GENERATION OF INTERIOR MESHES
 **WARNING: Phi ANGLE IS SET TO THE MERIDIONAL MESH PHI 
 COMPLETE THE FLOW INITIALIZATION TO ALL NODES
 COMPLETE THE SETUP OF BOUNDARY CONDITIONS
 
 ******** NO NEGATIVE VOLUME *********
 COMPLETE THE MESH GENERATION FOR
 EEE-HPT-3                                                                      
  
 THIS IS THE           4 OUT OF A TOTAL OF           4
 JOB COMPLETE FOR SECTION =           4

A valid ADS license was successfully acquired.
This license will expire in 227 days.
